#status
  %s == :available

#available?
  %s == true

#registered?
  %s == false


#created_on
  %s %TIME{2000-07-17}

#updated_on
  %s %ERROR{AttributeNotSupported}

#expires_on
  %s %TIME{2018-09-17}


#nameservers
  %s %CLASS{array}
  %s == []
