#status
  %s == :registered

#available?
  %s == false

#registered?
  %s == true


#created_on
  %s %CLASS{time}
  %s %TIME{2009-03-24}

#updated_on
  %s %CLASS{time}
  %s %TIME{2018-02-27T16:47:30Z}

#expires_on
  %s %CLASS{time}
  %s %TIME{2019-03-24T00:00:00.000Z}
