#domain
  %s == "google.cd"

#domain_id
  %s == "5758-CD"


#status
  %s == :registered

#available?
  %s == false

#registered?
  %s == true


#created_on
  %s == nil

#updated_on
  %s == nil

#expires_on
  %s == nil

#nameservers
  %s %CLASS{array}
  %s %SIZE{0}
