#status
  %s == :available

#available?
  %s == true

#registered?
  %s == false

#nameservers
  %s %CLASS{array}
  %s == []
