#disclaimer
  %s %ERROR{AttributeNotSupported}


#domain
  %s == nil

#status
  %s == :available

#available?
  %s == true

#registered?
  %s == false

#registrar
  %s == nil

#registrant_contacts
  %s %CLASS{array}
  %s == []

#admin_contacts
  %s %ERROR{AttributeNotSupported}

#technical_contacts
  %s %CLASS{array}
  %s == []


#nameservers
  %s %CLASS{array}
  %s == []
